// Code generated by govalid; DO NOT EDIT.
package maxlength

import (
	"errors"
	"unicode/utf8"
)

var (
	// ErrNilMaxLength is returned when the MaxLength is nil.
	ErrNilMaxLength = errors.New("input MaxLength is nil")

	// ErrMaxLengthStringMaxLengthValidation is the error returned when the length of the field exceeds the maximum of 10.
	ErrMaxLengthStringMaxLengthValidation = errors.New("field MaxLengthString must have a maximum length of 10")

	// ErrMaxLengthNameMaxLengthValidation is the error returned when the length of the field exceeds the maximum of 20.
	ErrMaxLengthNameMaxLengthValidation = errors.New("field MaxLengthName must have a maximum length of 20")
)

func ValidateMaxLength(t *MaxLength) error {
	if t == nil {
		return ErrNilMaxLength
	}

	if utf8.RuneCountInString(t.String) > 10 {
		return ErrMaxLengthStringMaxLengthValidation
	}

	{
		t := t.Struct

		if utf8.RuneCountInString(t.Name) > 20 {
			return ErrMaxLengthNameMaxLengthValidation
		}

	}

	return nil
}
