// Code generated by govalid; DO NOT EDIT.
package length

import (
	"errors"
	"unicode/utf8"
)

var (
	// ErrNilLength is returned when the Length is nil.
	ErrNilLength = errors.New("input Length is nil")

	// ErrLengthStringLengthValidation is the error returned when the length of the field is not exactly 7.
	ErrLengthStringLengthValidation = errors.New("field LengthString length must be exactly 7")

	// ErrLengthNameLengthValidation is the error returned when the length of the field is not exactly 10.
	ErrLengthNameLengthValidation = errors.New("field LengthName length must be exactly 10")
)

func ValidateLength(t *Length) error {
	if t == nil {
		return ErrNilLength
	}

	if utf8.RuneCountInString(t.String) != 7 {
		return ErrLengthStringLengthValidation
	}

	{
		t := t.Struct

		if utf8.RuneCountInString(t.Name) != 10 {
			return ErrLengthNameLengthValidation
		}

	}

	return nil
}
