// Code generated by govalid; DO NOT EDIT.
package nestedstruct

import (
	"errors"
)

var (
	// ErrNilPartialMarkersOuter is returned when the PartialMarkersOuter is nil.
	ErrNilPartialMarkersOuter = errors.New("input PartialMarkersOuter is nil")

	// ErrPartialMarkersOuterNameRequiredValidation is returned when the PartialMarkersOuterName is required but not provided.
	ErrPartialMarkersOuterNameRequiredValidation = errors.New("field PartialMarkersOuterName is required")
)

func ValidatePartialMarkersOuter(t *PartialMarkersOuter) error {
	if t == nil {
		return ErrNilPartialMarkersOuter
	}

	if t.Name == "" {
		return ErrPartialMarkersOuterNameRequiredValidation
	}

	return nil
}
// Code generated by govalid; DO NOT EDIT.
package nestedstruct

import (
	"errors"
)

var (
	// ErrNilNestedMarkerInside is returned when the NestedMarkerInside is nil.
	ErrNilNestedMarkerInside = errors.New("input NestedMarkerInside is nil")

	// ErrNestedMarkerInsideXRequiredValidation is returned when the NestedMarkerInsideX is required but not provided.
	ErrNestedMarkerInsideXRequiredValidation = errors.New("field NestedMarkerInsideX is required")
)

func ValidateNestedMarkerInside(t *NestedMarkerInside) error {
	if t == nil {
		return ErrNilNestedMarkerInside
	}

	{
		t := t.A

		if t.X == "" {
			return ErrNestedMarkerInsideXRequiredValidation
		}

	}

	return nil
}
