// Code generated by govalid; DO NOT EDIT.
package gte

import (
	"errors"
)

var (
	// ErrNilGTE is returned when the GTE is nil.
	ErrNilGTE = errors.New("input GTE is nil")

	// ErrAgeGTEValidation is the error returned when the value of the field is less than 18.
	ErrAgeGTEValidation = errors.New("field Age must be greater than or equal to 18")

	// ErrScoreGTEValidation is the error returned when the value of the field is less than 0.
	ErrScoreGTEValidation = errors.New("field Score must be greater than or equal to 0")

	// ErrValueGTEValidation is the error returned when the value of the field is less than 100.
	ErrValueGTEValidation = errors.New("field Value must be greater than or equal to 100")
)

func ValidateGTE(t *GTE) error {
	if t == nil {
		return ErrNilGTE
	}

	if !(t.Age >= 18) {
		return ErrAgeGTEValidation
	}

	if !(t.Score >= 0) {
		return ErrScoreGTEValidation
	}

	{
		t := t.Struct

		if !(t.Value >= 100) {
			return ErrValueGTEValidation
		}

	}

	return nil
}
