// Code generated by govalid; DO NOT EDIT.
package inside

import (
	"errors"
)

var (
	// ErrNilInside is returned when the Inside is nil.
	ErrNilInside = errors.New("input Inside is nil")

	// ErrInsideXRequiredValidation is returned when the InsideX is required but not provided.
	ErrInsideXRequiredValidation = errors.New("field InsideX is required")
)

func ValidateInside(t *Inside) error {
	if t == nil {
		return ErrNilInside
	}

	{
		t := t.A

		if t.X == "" {
			return ErrInsideXRequiredValidation
		}

	}

	return nil
}
