// Code generated by govalid; DO NOT EDIT.
package minlength

import (
	"errors"
	"unicode/utf8"
)

var (
	// ErrNilMinLength is returned when the MinLength is nil.
	ErrNilMinLength = errors.New("input MinLength is nil")

	// ErrMinLengthStringMinLengthValidation is the error returned when the length of the field is less than the minimum of 5.
	ErrMinLengthStringMinLengthValidation = errors.New("field MinLengthString must have a minimum length of 5")

	// ErrMinLengthNameMinLengthValidation is the error returned when the length of the field is less than the minimum of 3.
	ErrMinLengthNameMinLengthValidation = errors.New("field MinLengthName must have a minimum length of 3")
)

func ValidateMinLength(t *MinLength) error {
	if t == nil {
		return ErrNilMinLength
	}

	if utf8.RuneCountInString(t.String) < 5 {
		return ErrMinLengthStringMinLengthValidation
	}

	{
		t := t.Struct

		if utf8.RuneCountInString(t.Name) < 3 {
			return ErrMinLengthNameMinLengthValidation
		}

	}

	return nil
}
