// Code generated by govalid; DO NOT EDIT.
package minlength

import (
	"errors"
	govaliderrors "github.com/sivchari/govalid/validation/errors"
	"unicode/utf8"
)

var (
	// ErrNilMinLength is returned when the MinLength is nil.
	ErrNilMinLength = errors.New("input MinLength is nil")

	// ErrMinLengthStringMinLengthValidation is the error returned when the length of the field is less than the minimum of 5.
	ErrMinLengthStringMinLengthValidation = govaliderrors.ValidationError{Reason: "field String must have a minimum length of 5", Path: "MinLength.String", Type: "minlength"}

	// ErrMinLengthNameMinLengthValidation is the error returned when the length of the field is less than the minimum of 3.
	ErrMinLengthNameMinLengthValidation = govaliderrors.ValidationError{Reason: "field Name must have a minimum length of 3", Path: "MinLength.Name", Type: "minlength"}
)

func ValidateMinLength(t *MinLength) error {
	if t == nil {
		return ErrNilMinLength
	}

	var errs govaliderrors.ValidationErrors

	if utf8.RuneCountInString(t.String) < 5 {
		err := ErrMinLengthStringMinLengthValidation
		err.Value = t.String
		errs = append(errs, err)
	}

	{
		t := t.Struct

		if utf8.RuneCountInString(t.Name) < 3 {
			err := ErrMinLengthNameMinLengthValidation
			err.Value = t.Name
			errs = append(errs, err)
		}

	}

	if len(errs) > 0 {
		return errs
	}
	return nil
}
