// Code generated by govalid; DO NOT EDIT.
package gt

import (
	"errors"
	govaliderrors "github.com/sivchari/govalid/validation/errors"
)

var (
	// ErrNilGT is returned when the GT is nil.
	ErrNilGT = errors.New("input GT is nil")

	// ErrGTIntGTValidation is the error returned when the value of the field is less than the 1.
	ErrGTIntGTValidation = govaliderrors.ValidationError{Reason: "field Int must be greater than 1", Path: "GT.Int", Type: "gt"}

	// ErrGTInt8GTValidation is the error returned when the value of the field is less than the 1.
	ErrGTInt8GTValidation = govaliderrors.ValidationError{Reason: "field Int8 must be greater than 1", Path: "GT.Int8", Type: "gt"}

	// ErrGTInt16GTValidation is the error returned when the value of the field is less than the 1.
	ErrGTInt16GTValidation = govaliderrors.ValidationError{Reason: "field Int16 must be greater than 1", Path: "GT.Int16", Type: "gt"}

	// ErrGTInt32GTValidation is the error returned when the value of the field is less than the 1.
	ErrGTInt32GTValidation = govaliderrors.ValidationError{Reason: "field Int32 must be greater than 1", Path: "GT.Int32", Type: "gt"}

	// ErrGTInt64GTValidation is the error returned when the value of the field is less than the 1.
	ErrGTInt64GTValidation = govaliderrors.ValidationError{Reason: "field Int64 must be greater than 1", Path: "GT.Int64", Type: "gt"}

	// ErrGTFloat32GTValidation is the error returned when the value of the field is less than the 1.
	ErrGTFloat32GTValidation = govaliderrors.ValidationError{Reason: "field Float32 must be greater than 1", Path: "GT.Float32", Type: "gt"}

	// ErrGTFloat64GTValidation is the error returned when the value of the field is less than the 1.
	ErrGTFloat64GTValidation = govaliderrors.ValidationError{Reason: "field Float64 must be greater than 1", Path: "GT.Float64", Type: "gt"}

	// ErrGTUintGTValidation is the error returned when the value of the field is less than the 1.
	ErrGTUintGTValidation = govaliderrors.ValidationError{Reason: "field Uint must be greater than 1", Path: "GT.Uint", Type: "gt"}

	// ErrGTUint8GTValidation is the error returned when the value of the field is less than the 1.
	ErrGTUint8GTValidation = govaliderrors.ValidationError{Reason: "field Uint8 must be greater than 1", Path: "GT.Uint8", Type: "gt"}

	// ErrGTUint16GTValidation is the error returned when the value of the field is less than the 1.
	ErrGTUint16GTValidation = govaliderrors.ValidationError{Reason: "field Uint16 must be greater than 1", Path: "GT.Uint16", Type: "gt"}

	// ErrGTUint32GTValidation is the error returned when the value of the field is less than the 1.
	ErrGTUint32GTValidation = govaliderrors.ValidationError{Reason: "field Uint32 must be greater than 1", Path: "GT.Uint32", Type: "gt"}

	// ErrGTUint64GTValidation is the error returned when the value of the field is less than the 1.
	ErrGTUint64GTValidation = govaliderrors.ValidationError{Reason: "field Uint64 must be greater than 1", Path: "GT.Uint64", Type: "gt"}

	// ErrGTUintptrGTValidation is the error returned when the value of the field is less than the 1.
	ErrGTUintptrGTValidation = govaliderrors.ValidationError{Reason: "field Uintptr must be greater than 1", Path: "GT.Uintptr", Type: "gt"}

	// ErrGTComplex64GTValidation is the error returned when the value of the field is less than the 1.
	ErrGTComplex64GTValidation = govaliderrors.ValidationError{Reason: "field Complex64 must be greater than 1", Path: "GT.Complex64", Type: "gt"}

	// ErrGTComplex128GTValidation is the error returned when the value of the field is less than the 1.
	ErrGTComplex128GTValidation = govaliderrors.ValidationError{Reason: "field Complex128 must be greater than 1", Path: "GT.Complex128", Type: "gt"}
)

func ValidateGT(t *GT) error {
	if t == nil {
		return ErrNilGT
	}

	var errs govaliderrors.ValidationErrors

	if !(t.Int > 1) {
		err := ErrGTIntGTValidation
		err.Value = t.Int
		errs = append(errs, err)
	}

	if !(t.Int8 > 1) {
		err := ErrGTInt8GTValidation
		err.Value = t.Int8
		errs = append(errs, err)
	}

	if !(t.Int16 > 1) {
		err := ErrGTInt16GTValidation
		err.Value = t.Int16
		errs = append(errs, err)
	}

	if !(t.Int32 > 1) {
		err := ErrGTInt32GTValidation
		err.Value = t.Int32
		errs = append(errs, err)
	}

	if !(t.Int64 > 1) {
		err := ErrGTInt64GTValidation
		err.Value = t.Int64
		errs = append(errs, err)
	}

	if !(t.Float32 > 1) {
		err := ErrGTFloat32GTValidation
		err.Value = t.Float32
		errs = append(errs, err)
	}

	if !(t.Float64 > 1) {
		err := ErrGTFloat64GTValidation
		err.Value = t.Float64
		errs = append(errs, err)
	}

	if !(t.Uint > 1) {
		err := ErrGTUintGTValidation
		err.Value = t.Uint
		errs = append(errs, err)
	}

	if !(t.Uint8 > 1) {
		err := ErrGTUint8GTValidation
		err.Value = t.Uint8
		errs = append(errs, err)
	}

	if !(t.Uint16 > 1) {
		err := ErrGTUint16GTValidation
		err.Value = t.Uint16
		errs = append(errs, err)
	}

	if !(t.Uint32 > 1) {
		err := ErrGTUint32GTValidation
		err.Value = t.Uint32
		errs = append(errs, err)
	}

	if !(t.Uint64 > 1) {
		err := ErrGTUint64GTValidation
		err.Value = t.Uint64
		errs = append(errs, err)
	}

	if !(t.Uintptr > 1) {
		err := ErrGTUintptrGTValidation
		err.Value = t.Uintptr
		errs = append(errs, err)
	}

	if !(t.Complex64 > 1) {
		err := ErrGTComplex64GTValidation
		err.Value = t.Complex64
		errs = append(errs, err)
	}

	if !(t.Complex128 > 1) {
		err := ErrGTComplex128GTValidation
		err.Value = t.Complex128
		errs = append(errs, err)
	}

	{
		t := t.Struct

		if !(t.Int > 1) {
			err := ErrGTIntGTValidation
			err.Value = t.Int
			errs = append(errs, err)
		}

	}

	if len(errs) > 0 {
		return errs
	}
	return nil
}
