// Code generated by govalid; DO NOT EDIT.
package email

import (
	"errors"
	"github.com/sivchari/govalid/validation/validationhelper"
)

var (
	// ErrNilEmail is returned when the Email is nil.
	ErrNilEmail = errors.New("input Email is nil")

	// ErrEmailEmailValidation is the error returned when the field is not a valid email address.
	ErrEmailEmailValidation = errors.New("field Email must be a valid email address")
)

func ValidateEmail(t *Email) error {
	if t == nil {
		return ErrNilEmail
	}

	if !validationhelper.IsValidEmail(t.Email) {
		return ErrEmailEmailValidation
	}

	return nil
}
