// Code generated by govalid; DO NOT EDIT.
package partial

import (
	"errors"
)

var (
	// ErrNilPartial is returned when the Partial is nil.
	ErrNilPartial = errors.New("input Partial is nil")

	// ErrPartialNameRequiredValidation is returned when the PartialName is required but not provided.
	ErrPartialNameRequiredValidation = errors.New("field PartialName is required")
)

func ValidatePartial(t *Partial) error {
	if t == nil {
		return ErrNilPartial
	}

	if t.Name == "" {
		return ErrPartialNameRequiredValidation
	}

	return nil
}
