// Code generated by govalid; DO NOT EDIT.
package maxlength

import (
	"errors"
	"unicode/utf8"
)

var (
	// ErrNilMaxLength is returned when the MaxLength is nil.
	ErrNilMaxLength = errors.New("input MaxLength is nil")

	// ErrStringMaxLengthValidation is the error returned when the length of the field exceeds the maximum of 10.
	ErrStringMaxLengthValidation = errors.New("field String must have a maximum length of 10")

	// ErrNameMaxLengthValidation is the error returned when the length of the field exceeds the maximum of 20.
	ErrNameMaxLengthValidation = errors.New("field Name must have a maximum length of 20")
)

func ValidateMaxLength(t *MaxLength) error {
	if t == nil {
		return ErrNilMaxLength
	}

	if utf8.RuneCountInString(t.String) > 10 {
		return ErrStringMaxLengthValidation
	}

	{
		t := t.Struct

		if utf8.RuneCountInString(t.Name) > 20 {
			return ErrNameMaxLengthValidation
		}

	}

	return nil
}
