// Code generated by govalid; DO NOT EDIT.
package maxitems

import (
	"errors"
)

var (
	// ErrNilMaxItems is returned when the MaxItems is nil.
	ErrNilMaxItems = errors.New("input MaxItems is nil")

	// ErrSliceMaxItemsValidation is the error returned when the length of the field exceeds the maximum of 5.
	ErrSliceMaxItemsValidation = errors.New("field Slice must have a maximum of 5 items")

	// ErrArrayMaxItemsValidation is the error returned when the length of the field exceeds the maximum of 3.
	ErrArrayMaxItemsValidation = errors.New("field Array must have a maximum of 3 items")

	// ErrMapFieldMaxItemsValidation is the error returned when the length of the field exceeds the maximum of 4.
	ErrMapFieldMaxItemsValidation = errors.New("field MapField must have a maximum of 4 items")

	// ErrChanFieldMaxItemsValidation is the error returned when the length of the field exceeds the maximum of 2.
	ErrChanFieldMaxItemsValidation = errors.New("field ChanField must have a maximum of 2 items")

	// ErrItemsMaxItemsValidation is the error returned when the length of the field exceeds the maximum of 2.
	ErrItemsMaxItemsValidation = errors.New("field Items must have a maximum of 2 items")
)

func ValidateMaxItems(t *MaxItems) error {
	if t == nil {
		return ErrNilMaxItems
	}

	if len(t.Slice) > 5 {
		return ErrSliceMaxItemsValidation
	}

	if len(t.Array) > 3 {
		return ErrArrayMaxItemsValidation
	}

	if len(t.MapField) > 4 {
		return ErrMapFieldMaxItemsValidation
	}

	if len(t.ChanField) > 2 {
		return ErrChanFieldMaxItemsValidation
	}

	{
		t := t.Struct

		if len(t.Items) > 2 {
			return ErrItemsMaxItemsValidation
		}

	}

	return nil
}
