// Code generated by govalid; DO NOT EDIT.
package alpha

import (
	"errors"
	"github.com/sivchari/govalid/validation/validationhelper"
)

var (
	// ErrNilAlpha is returned when the Alpha is nil.
	ErrNilAlpha = errors.New("input Alpha is nil")

	// ErrAlphaFirstNameAlphaValidation is the error returned when field AlphaFirstName is not alphabetic.
	ErrAlphaFirstNameAlphaValidation = errors.New("field AlphaFirstName must be alphabetic")

	// ErrAlphaLastNameAlphaValidation is the error returned when field AlphaLastName is not alphabetic.
	ErrAlphaLastNameAlphaValidation = errors.New("field AlphaLastName must be alphabetic")

	// ErrAlphaCountryCodeAlphaValidation is the error returned when field AlphaCountryCode is not alphabetic.
	ErrAlphaCountryCodeAlphaValidation = errors.New("field AlphaCountryCode must be alphabetic")
)

func ValidateAlpha(t *Alpha) error {
	if t == nil {
		return ErrNilAlpha
	}

	if !validationhelper.IsValidAlpha(t.FirstName) {
		return ErrAlphaFirstNameAlphaValidation
	}

	if !validationhelper.IsValidAlpha(t.LastName) {
		return ErrAlphaLastNameAlphaValidation
	}

	if !validationhelper.IsValidAlpha(t.CountryCode) {
		return ErrAlphaCountryCodeAlphaValidation
	}

	return nil
}
