// Code generated by govalid; DO NOT EDIT.
package length

import (
	"errors"
	govaliderrors "github.com/sivchari/govalid/validation/errors"
	"unicode/utf8"
)

var (
	// ErrNilLength is returned when the Length is nil.
	ErrNilLength = errors.New("input Length is nil")

	// ErrLengthStringLengthValidation is the error returned when the length of the field is not exactly 7.
	ErrLengthStringLengthValidation = govaliderrors.ValidationError{Reason: "field String length must be exactly 7", Path: "Length.String", Type: "length"}

	// ErrLengthNameLengthValidation is the error returned when the length of the field is not exactly 10.
	ErrLengthNameLengthValidation = govaliderrors.ValidationError{Reason: "field Name length must be exactly 10", Path: "Length.Name", Type: "length"}
)

func ValidateLength(t *Length) error {
	if t == nil {
		return ErrNilLength
	}

	var errs govaliderrors.ValidationErrors

	if utf8.RuneCountInString(t.String) != 7 {
		err := ErrLengthStringLengthValidation
		err.Value = t.String
		errs = append(errs, err)
	}

	{
		t := t.Struct

		if utf8.RuneCountInString(t.Name) != 10 {
			err := ErrLengthNameLengthValidation
			err.Value = t.Name
			errs = append(errs, err)
		}

	}

	if len(errs) > 0 {
		return errs
	}
	return nil
}
