// Code generated by govalid; DO NOT EDIT.
package uuid

import (
	"errors"
	"github.com/sivchari/govalid/validation/validationhelper"
)

var (
	// ErrNilUUID is returned when the UUID is nil.
	ErrNilUUID = errors.New("input UUID is nil")

	// ErrUUIDUUIDValidation is the error returned when the field is not a valid UUID.
	ErrUUIDUUIDValidation = errors.New("field UUID must be a valid UUID")
)

func ValidateUUID(t *UUID) error {
	if t == nil {
		return ErrNilUUID
	}

	if !validationhelper.IsValidUUID(t.UUID) {
		return ErrUUIDUUIDValidation
	}

	return nil
}
